[    0.000000] Linux version 7.1.0-rc7-milin-g2b414a95b8f7 (miillliiinn@milin) (gcc (Debian 12.2.0-14+deb12u1) 12.2.0, GNU ld (GNU Binutils for Debian) 2.40) #2 SMP PREEMPT_DYNAMIC Fri Jun 12 08:42:24 EDT 2026
[    0.000000] Command line: BOOT_IMAGE=/vmlinuz-7.1.0-rc7-milin-g2b414a95b8f7 root=UUID=fc1c74e0-3248-44fd-b84f-4a7abe9e6ee0 ro quiet
[    0.000000] BIOS-provided physical RAM map:
[    0.000000] BIOS-e820: [mem 0x0000000000000000-0x000000000009fbff]  System RAM
[    0.000000] BIOS-e820: [mem 0x000000000009fc00-0x000000000009ffff]  device reserved
[    0.000000] BIOS-e820: [gap 0x00000000000a0000-0x00000000000effff]
[    0.000000] BIOS-e820: [mem 0x00000000000f0000-0x00000000000fffff]  device reserved
[    0.000000] BIOS-e820: [mem 0x0000000000100000-0x00000000dffeffff]  System RAM
[    0.000000] BIOS-e820: [mem 0x00000000dfff0000-0x00000000dfffffff]  ACPI data
[    0.000000] BIOS-e820: [gap 0x00000000e0000000-0x00000000febfffff]
[    0.000000] BIOS-e820: [mem 0x00000000fec00000-0x00000000fec00fff]  device reserved
[    0.000000] BIOS-e820: [gap 0x00000000fec01000-0x00000000fedfffff]
[    0.000000] BIOS-e820: [mem 0x00000000fee00000-0x00000000fee00fff]  device reserved
[    0.000000] BIOS-e820: [gap 0x00000000fee01000-0x00000000fffbffff]
[    0.000000] BIOS-e820: [mem 0x00000000fffc0000-0x00000000ffffffff]  device reserved
[    0.000000] BIOS-e820: [mem 0x0000000100000000-0x00000002c5afffff]  System RAM
[    0.000000] NX (Execute Disable) protection: active
[    0.000000] APIC: Static calls initialized
[    0.000000] DMI: SMBIOS 2.5 present.
[    0.000000] DMI: innotek GmbH VirtualBox/VirtualBox, BIOS VirtualBox 12/01/2006
[    0.000000] DMI: Memory slots populated: 0/0
[    0.000000] Hypervisor detected: KVM
[    0.000000] last_pfn = 0xe0000 max_arch_pfn = 0x400000000
[    0.000000] kvm-clock: Using msrs 4b564d01 and 4b564d00
[    0.000001] kvm-clock: using sched offset of 18752578075 cycles
[    0.000003] clocksource: kvm-clock: mask: 0xffffffffffffffff max_cycles: 0x1cd42e4dffb, max_idle_ns: 881590591483 ns
[    0.000005] tsc: Detected 2138.458 MHz processor
[    0.000732] e820: update [mem 0x00000000-0x00000fff] System RAM ==> device reserved
[    0.000734] e820: remove [mem 0x000a0000-0x000fffff] System RAM
[    0.000737] last_pfn = 0x2c5b00 max_arch_pfn = 0x400000000
[    0.000775] MTRR map: 6 entries (3 fixed + 3 variable; max 35), built from 16 variable MTRRs
[    0.000776] x86/PAT: Configuration [0-7]: WB  WC  UC- UC  WB  WP  UC- WT  
[    0.000844] e820: update [mem 0xe0000000-0xffffffff] System RAM ==> device reserved
[    0.000847] last_pfn = 0xe0000 max_arch_pfn = 0x400000000
[    0.009381] found SMP MP-table at [mem 0x0009fbf0-0x0009fbff]
[    0.009944] RAMDISK: [mem 0x30e35000-0x34711fff]
[    0.009947] ACPI: Early table checksum verification disabled
[    0.009950] ACPI: RSDP 0x00000000000E0000 000024 (v02 VBOX  )
[    0.009952] ACPI: XSDT 0x00000000DFFF0030 00003C (v01 VBOX   VBOXXSDT 00000001 ASL  00000061)
[    0.009956] ACPI: FACP 0x00000000DFFF00F0 0000F4 (v04 VBOX   VBOXFACP 00000001 ASL  00000061)
[    0.009959] ACPI: DSDT 0x00000000DFFF03C0 002353 (v02 VBOX   VBOXBIOS 00000002 VBOX 0002A6A2)
[    0.009961] ACPI: FACS 0x00000000DFFF0200 000040
[    0.009963] ACPI: FACS 0x00000000DFFF0200 000040
[    0.009965] ACPI: APIC 0x00000000DFFF0240 0000AC (v02 VBOX   VBOXAPIC 00000001 ASL  00000061)
[    0.009967] ACPI: SSDT 0x00000000DFFF02F0 0000C8 (v01 VBOX   VBOXCPUT 00000002 VBOX 0002A6A2)
[    0.009968] ACPI: Reserving FACP table memory at [mem 0xdfff00f0-0xdfff01e3]
[    0.009969] ACPI: Reserving DSDT table memory at [mem 0xdfff03c0-0xdfff2712]
[    0.009970] ACPI: Reserving FACS table memory at [mem 0xdfff0200-0xdfff023f]
[    0.009970] ACPI: Reserving FACS table memory at [mem 0xdfff0200-0xdfff023f]
[    0.009971] ACPI: Reserving APIC table memory at [mem 0xdfff0240-0xdfff02eb]
[    0.009971] ACPI: Reserving SSDT table memory at [mem 0xdfff02f0-0xdfff03b7]
[    0.010082] No NUMA configuration found
[    0.010083] Faking a node at [mem 0x0000000000000000-0x00000002c5afffff]
[    0.010087] NODE_DATA(0) allocated [mem 0x2c5ad5940-0x2c5afffff]
[    0.010534] ACPI: PM-Timer IO Port: 0x4008
[    0.010573] IOAPIC[0]: apic_id 12, version 32, address 0xfec00000, GSI 0-23
[    0.010575] ACPI: INT_SRC_OVR (bus 0 bus_irq 0 global_irq 2 dfl dfl)
[    0.010576] ACPI: INT_SRC_OVR (bus 0 bus_irq 9 global_irq 9 low level)
[    0.010579] ACPI: Using ACPI (MADT) for SMP configuration information
[    0.010581] CPU topo: Max. logical packages:   1
[    0.010581] CPU topo: Max. logical nodes:      1
[    0.010582] CPU topo: Num. nodes per package:  1
[    0.010583] CPU topo: Max. logical dies:       1
[    0.010583] CPU topo: Max. dies per package:   1
[    0.010585] CPU topo: Max. threads per core:   1
[    0.010586] CPU topo: Num. cores per package:    12
[    0.010586] CPU topo: Num. threads per package:  12
[    0.010586] CPU topo: Allowing 12 present CPUs plus 0 hotplug CPUs
[    0.010597] PM: hibernation: Registered nosave memory: [mem 0x00000000-0x00000fff]
[    0.010598] PM: hibernation: Registered nosave memory: [mem 0x0009f000-0x000fffff]
[    0.010599] PM: hibernation: Registered nosave memory: [mem 0xdfff0000-0xffffffff]
[    0.010600] [gap 0xe0000000-0xfebfffff] available for PCI devices
[    0.010601] Booting paravirtualized kernel on KVM
[    0.010601] clocksource: refined-jiffies: mask: 0xffffffff max_cycles: 0xffffffff, max_idle_ns: 7645519600211568 ns
[    0.013580] Zone ranges:
[    0.013581]   DMA      [mem 0x0000000000001000-0x0000000000ffffff]
[    0.013582]   DMA32    [mem 0x0000000001000000-0x00000000ffffffff]
[    0.013583]   Normal   [mem 0x0000000100000000-0x00000002c5afffff]
[    0.013584]   Device   empty
[    0.013584] Movable zone start for each node
[    0.013585] Early memory node ranges
[    0.013585]   node   0: [mem 0x0000000000001000-0x000000000009efff]
[    0.013586]   node   0: [mem 0x0000000000100000-0x00000000dffeffff]
[    0.013587]   node   0: [mem 0x0000000100000000-0x00000002c5afffff]
[    0.013588] Initmem setup node 0 [mem 0x0000000000001000-0x00000002c5afffff]
[    0.013864] On node 0, zone DMA: 1 pages in unavailable ranges
[    0.013877] On node 0, zone DMA: 97 pages in unavailable ranges
[    0.023895] On node 0, zone Normal: 16 pages in unavailable ranges
[    0.024172] On node 0, zone Normal: 9472 pages in unavailable ranges
[    0.024183] setup_percpu: NR_CPUS:8192 nr_cpumask_bits:12 nr_cpu_ids:12 nr_node_ids:1
[    0.025037] percpu: Embedded 62 pages/cpu s217088 r8192 d28672 u262144
[    0.025040] pcpu-alloc: s217088 r8192 d28672 u262144 alloc=1*2097152
[    0.025042] pcpu-alloc: [0] 00 01 02 03 04 05 06 07 [0] 08 09 10 11 -- -- -- -- 
[    0.025059] kvm-guest: PV spinlocks enabled
[    0.025061] PV qspinlock hash table entries: 256 (order: 0, 4096 bytes, linear)
[    0.025063] Kernel command line: BOOT_IMAGE=/vmlinuz-7.1.0-rc7-milin-g2b414a95b8f7 root=UUID=fc1c74e0-3248-44fd-b84f-4a7abe9e6ee0 ro quiet
[    0.025091] random: crng init done
[    0.025091] printk: log buffer data + meta data: 131072 + 458752 = 589824 bytes
[    0.027823] Dentry cache hash table entries: 2097152 (order: 12, 16777216 bytes, linear)
[    0.029230] Inode-cache hash table entries: 1048576 (order: 11, 8388608 bytes, linear)
[    0.029389] software IO TLB: area num 16.
[    0.044144] Fallback order for Node 0: 0 
[    0.044150] Built 1 zonelists, mobility grouping on.  Total pages: 2775694
[    0.044151] Policy zone: Normal
[    0.044159] mem auto-init: stack:all(zero), heap alloc:on, heap free:off
[    0.053573] SLUB: HWalign=64, Order=0-3, MinObjects=0, CPUs=12, Nodes=1
[    0.058628] ftrace: allocating 44620 entries in 176 pages
[    0.058629] ftrace: allocated 176 pages with 3 groups
[    0.059005] Dynamic Preempt: lazy
[    0.059284] rcu: Preemptible hierarchical RCU implementation.
[    0.059284] rcu: 	RCU restricting CPUs from NR_CPUS=8192 to nr_cpu_ids=12.
[    0.059285] 	Trampoline variant of Tasks RCU enabled.
[    0.059285] 	Rude variant of Tasks RCU enabled.
[    0.059286] 	Tracing variant of Tasks RCU enabled.
[    0.059286] rcu: RCU calculated value of scheduler-enlistment delay is 25 jiffies.
[    0.059286] rcu: Adjusting geometry for rcu_fanout_leaf=16, nr_cpu_ids=12
[    0.059295] RCU Tasks: Setting shift to 4 and lim to 1 rcu_task_cb_adjust=1 rcu_task_cpu_ids=12.
[    0.059296] RCU Tasks Rude: Setting shift to 4 and lim to 1 rcu_task_cb_adjust=1 rcu_task_cpu_ids=12.
[    0.061386] NR_IRQS: 524544, nr_irqs: 520, preallocated irqs: 16
[    0.061558] rcu: srcu_init: Setting srcu_struct sizes based on contention.
[    0.067777] Console: colour VGA+ 80x25
[    0.067779] printk: legacy console [tty0] enabled
[    0.067806] ACPI: Core revision 20251212
[    0.067900] APIC: Switch to symmetric I/O mode setup
[    0.068089] x2apic enabled
[    0.068272] APIC: Switched APIC routing to: physical x2apic
[    0.069045] ..TIMER: vector=0x30 apic1=0 pin1=2 apic2=-1 pin2=-1
[    0.069060] clocksource: tsc-early: mask: 0xffffffffffffffff max_cycles: 0x1ed31a3d72f, max_idle_ns: 440795218050 ns
[    0.069063] Calibrating delay loop (skipped) preset value.. 4276.91 BogoMIPS (lpj=8553832)
[    0.069162] Last level iTLB entries: 4KB 0, 2MB 0, 4MB 0
[    0.069163] Last level dTLB entries: 4KB 0, 2MB 0, 4MB 0, 1GB 0
[    0.069167] mitigations: Enabled attack vectors: user_kernel, user_user, SMT mitigations: auto
[    0.069171] Speculative Store Bypass: Vulnerable
[    0.069172] Spectre V2 : Mitigation: Retpolines
[    0.069173] ITS: Mitigation: Aligned branch/return thunks
[    0.069173] Register File Data Sampling: Mitigation: Clear Register File
[    0.069174] Spectre V1 : Mitigation: usercopy/swapgs barriers and __user pointer sanitization
[    0.069175] Spectre V2 : Spectre v2 / SpectreRSB: Filling RSB on context switch and VMEXIT
[    0.069175] active return thunk: its_return_thunk
[    0.069189] x86/fpu: Supporting XSAVE feature 0x001: 'x87 floating point registers'
[    0.069190] x86/fpu: Supporting XSAVE feature 0x002: 'SSE registers'
[    0.069190] x86/fpu: Supporting XSAVE feature 0x004: 'AVX registers'
[    0.069191] x86/fpu: xstate_offset[2]:  576, xstate_sizes[2]:  256
[    0.069192] x86/fpu: Enabled xstate features 0x7, context size is 832 bytes, using 'standard' format.
[    0.082112] pid_max: default: 32768 minimum: 301
[    0.082188] landlock: Up and running.
[    0.082188] Yama: becoming mindful.
[    0.082244] AppArmor: AppArmor initialized
[    0.082258] TOMOYO Linux initialized
[    0.082380] LSM support for eBPF active
[    0.082435] Mount-cache hash table entries: 32768 (order: 6, 262144 bytes, linear)
[    0.082455] Mountpoint-cache hash table entries: 32768 (order: 6, 262144 bytes, linear)
[    0.082499] VFS: Finished mounting rootfs on nullfs
[    0.191746] smpboot: CPU0: 12th Gen Intel(R) Core(TM) i7-12700 (family: 0x6, model: 0x97, stepping: 0x2)
[    0.192147] Performance Events: unsupported CPU family 6 model 151 no PMU driver, software events only.
[    0.192169] signal: max sigframe size: 1776
[    0.192185] rcu: Hierarchical SRCU implementation.
[    0.192186] rcu: 	Max phase no-delay instances is 1000.
[    0.192210] Timer migration: 2 hierarchy levels; 8 children per group; 2 crossnode level
[    0.193061] NMI watchdog: Perf NMI watchdog permanently disabled
[    0.193061] smp: Bringing up secondary CPUs ...
[    0.193061] smpboot: x86: Booting SMP configuration:
[    0.193061] .... node  #0, CPUs:        #1  #2  #3  #4  #5  #6  #7  #8  #9 #10 #11
[    0.221366] smp: Brought up 1 node, 12 CPUs
[    0.221369] smpboot: Total of 12 processors activated (51322.99 BogoMIPS)
[    0.246142] node 0 deferred pages initialised in 20ms
[    0.246148] Memory: 10726612K/11102776K available (15309K kernel code, 2437K rwdata, 6604K rodata, 4320K init, 4936K bss, 368196K reserved, 0K cma-reserved)
[    0.246148] devtmpfs: initialized
[    0.246148] x86/mm: Memory block size: 128MB
[    0.246148] clocksource: jiffies: mask: 0xffffffff max_cycles: 0xffffffff, max_idle_ns: 7645041785100000 ns
[    0.246148] posixtimers hash table entries: 8192 (order: 5, 131072 bytes, linear)
[    0.246148] futex hash table entries: 4096 (262144 bytes on 1 NUMA nodes, total 256 KiB, linear).
[    0.249165] NET: Registered PF_NETLINK/PF_ROUTE protocol family
[    0.249556] DMA: preallocated 2048 KiB GFP_KERNEL pool for atomic allocations
[    0.249785] DMA: preallocated 2048 KiB GFP_KERNEL|GFP_DMA pool for atomic allocations
[    0.250031] DMA: preallocated 2048 KiB GFP_KERNEL|GFP_DMA32 pool for atomic allocations
[    0.250037] audit: initializing netlink subsys (disabled)
[    0.250057] audit: type=2000 audit(1781268797.823:1): state=initialized audit_enabled=0 res=1
[    0.250057] thermal_sys: Registered thermal governor 'fair_share'
[    0.250057] thermal_sys: Registered thermal governor 'bang_bang'
[    0.250057] thermal_sys: Registered thermal governor 'step_wise'
[    0.250057] thermal_sys: Registered thermal governor 'user_space'
[    0.250057] thermal_sys: Registered thermal governor 'power_allocator'
[    0.250057] cpuidle: using governor ladder
[    0.250057] cpuidle: using governor menu
[    0.250057] Freeing SMP alternatives memory: 44K
[    0.250057] acpiphp: ACPI Hot Plug PCI Controller Driver version: 0.5
[    0.250057] PCI: Using configuration type 1 for base access
[    0.250057] kprobes: kprobe jump-optimization is enabled. All kprobes are optimized if possible.
[    0.257200] HugeTLB: registered 2.00 MiB page size, pre-allocated 0 pages
[    0.257201] HugeTLB: 28 KiB vmemmap can be freed for a 2.00 MiB page
[    0.262120] ACPI: Added _OSI(Module Device)
[    0.262121] ACPI: Added _OSI(Processor Device)
[    0.262121] ACPI: Added _OSI(Processor Aggregator Device)
[    0.262851] ACPI: 2 ACPI AML tables successfully acquired and loaded
[    0.268309] ACPI: \_SB_: platform _OSC: OS support mask [00227efe]
[    0.268309] ACPI: Interpreter enabled
[    0.268309] ACPI: PM: (supports S0 S5)
[    0.268309] ACPI: Using IOAPIC for interrupt routing
[    0.268309] PCI: Using host bridge windows from ACPI; if necessary, use "pci=nocrs" and report a bug
[    0.268309] PCI: Using E820 reservations for host bridge windows
[    0.268309] ACPI: Enabled 2 GPEs in block 00 to 07
[    0.269761] ACPI: PCI Root Bridge [PCI0] (domain 0000 [bus 00-ff])
[    0.269764] acpi PNP0A03:00: _OSC: OS supports [ASPM ClockPM Segments MSI HPX-Type3]
[    0.269765] acpi PNP0A03:00: _OSC: not requesting OS control; OS requires [ExtendedConfig ASPM ClockPM MSI]
[    0.269877] acpi PNP0A03:00: fail to add MMCONFIG information, can't access extended configuration space under this bridge
[    0.270032] PCI host bridge to bus 0000:00
[    0.270034] pci_bus 0000:00: root bus resource [io  0x0000-0x0cf7 window]
[    0.270035] pci_bus 0000:00: root bus resource [io  0x0d00-0xffff window]
[    0.270036] pci_bus 0000:00: root bus resource [mem 0x000a0000-0x000bffff window]
[    0.270036] pci_bus 0000:00: root bus resource [mem 0xe0000000-0xfdffffff window]
[    0.270037] pci_bus 0000:00: root bus resource [bus 00-ff]
[    0.270114] pci 0000:00:00.0: [8086:1237] type 00 class 0x060000 conventional PCI endpoint
[    0.273327] pci 0000:00:01.0: [8086:7000] type 00 class 0x060100 conventional PCI endpoint
[    0.273596] pci 0000:00:01.1: [8086:7111] type 00 class 0x01018a conventional PCI endpoint
[    0.273771] pci 0000:00:01.1: BAR 4 [io  0xd000-0xd00f]
[    0.273792] pci 0000:00:01.1: BAR 0 [io  0x01f0-0x01f7]: legacy IDE quirk
[    0.273793] pci 0000:00:01.1: BAR 1 [io  0x03f6]: legacy IDE quirk
[    0.273794] pci 0000:00:01.1: BAR 2 [io  0x0170-0x0177]: legacy IDE quirk
[    0.273794] pci 0000:00:01.1: BAR 3 [io  0x0376]: legacy IDE quirk
[    0.277088] pci 0000:00:02.0: [15ad:0405] type 00 class 0x030000 conventional PCI endpoint
[    0.282470] pci 0000:00:02.0: BAR 0 [io  0xd010-0xd01f]
[    0.282480] pci 0000:00:02.0: BAR 1 [mem 0xe0000000-0xefffffff pref]
[    0.282485] pci 0000:00:02.0: BAR 2 [mem 0xf0000000-0xf01fffff]
[    0.282557] pci 0000:00:02.0: Video device with shadowed ROM at [mem 0x000c0000-0x000dffff]
[    0.282738] pci 0000:00:03.0: [8086:100e] type 00 class 0x020000 conventional PCI endpoint
[    0.285237] pci 0000:00:03.0: BAR 0 [mem 0xf0200000-0xf021ffff]
[    0.285250] pci 0000:00:03.0: BAR 2 [io  0xd020-0xd027]
[    0.285530] pci 0000:00:04.0: [80ee:cafe] type 00 class 0x088000 conventional PCI endpoint
[    0.289239] pci 0000:00:04.0: BAR 0 [io  0xd040-0xd05f]
[    0.289249] pci 0000:00:04.0: BAR 1 [mem 0xf0400000-0xf07fffff]
[    0.289254] pci 0000:00:04.0: BAR 2 [mem 0xf0800000-0xf0803fff pref]
[    0.289435] pci 0000:00:05.0: [8086:2415] type 00 class 0x040100 conventional PCI endpoint
[    0.289591] pci 0000:00:05.0: BAR 0 [io  0xd100-0xd1ff]
[    0.289596] pci 0000:00:05.0: BAR 1 [io  0xd200-0xd23f]
[    0.289704] pci 0000:00:06.0: [106b:003f] type 00 class 0x0c0310 conventional PCI endpoint
[    0.297171] pci 0000:00:06.0: BAR 0 [mem 0xf0804000-0xf0804fff]
[    0.297402] pci 0000:00:07.0: [8086:7113] type 00 class 0x068000 conventional PCI endpoint
[    0.297596] pci 0000:00:07.0: quirk: [io  0x4000-0x403f] claimed by PIIX4 ACPI
[    0.297601] pci 0000:00:07.0: quirk: [io  0x4100-0x410f] claimed by PIIX4 SMB
[    0.297743] pci 0000:00:0b.0: [8086:265c] type 00 class 0x0c0320 conventional PCI endpoint
[    0.301261] pci 0000:00:0b.0: BAR 0 [mem 0xf0805000-0xf0805fff]
[    0.301569] pci 0000:00:0d.0: [8086:2829] type 00 class 0x010601 conventional PCI endpoint
[    0.305279] pci 0000:00:0d.0: BAR 0 [io  0xd240-0xd247]
[    0.305291] pci 0000:00:0d.0: BAR 1 [io  0xd248-0xd24b]
[    0.305296] pci 0000:00:0d.0: BAR 2 [io  0xd250-0xd257]
[    0.305301] pci 0000:00:0d.0: BAR 3 [io  0xd258-0xd25b]
[    0.305305] pci 0000:00:0d.0: BAR 4 [io  0xd260-0xd26f]
[    0.305310] pci 0000:00:0d.0: BAR 5 [mem 0xf0806000-0xf0807fff]
[    0.310470] ACPI: PCI: Interrupt link LNKA configured for IRQ 11
[    0.310546] ACPI: PCI: Interrupt link LNKB configured for IRQ 10
[    0.310577] ACPI: PCI: Interrupt link LNKC configured for IRQ 9
[    0.310610] ACPI: PCI: Interrupt link LNKD configured for IRQ 11
[    0.310754] iommu: Default domain type: Translated
[    0.310754] iommu: DMA domain TLB invalidation policy: lazy mode
[    0.313455] pps_core: LinuxPPS API ver. 1 registered
[    0.313455] pps_core: Software ver. 5.3.6 - Copyright 2005-2007 Rodolfo Giometti <giometti@linux.it>
[    0.313455] PTP clock support registered
[    0.313455] EDAC MC: Ver: 3.0.0
[    0.313455] NetLabel: Initializing
[    0.313455] NetLabel:  domain hash size = 128
[    0.313455] NetLabel:  protocols = UNLABELED CIPSOv4 CALIPSO
[    0.313455] NetLabel:  unlabeled traffic allowed by default
[    0.313455] PCI: Using ACPI for IRQ routing
[    0.313455] PCI: pci_cache_line_size set to 64 bytes
[    0.313455] e820: register RAM buffer resource [mem 0x0009fc00-0x0009ffff]
[    0.313455] e820: register RAM buffer resource [mem 0xdfff0000-0xdfffffff]
[    0.313455] e820: register RAM buffer resource [mem 0x2c5b00000-0x2c7ffffff]
[    0.313455] pci 0000:00:02.0: vgaarb: setting as boot VGA device
[    0.313455] pci 0000:00:02.0: vgaarb: bridge control possible
[    0.313455] pci 0000:00:02.0: vgaarb: VGA device added: decodes=io+mem,owns=io+mem,locks=none
[    0.313455] vgaarb: loaded
[    0.313463] clocksource: Switched to clocksource kvm-clock
[    0.313463] VFS: Disk quotas dquot_6.6.0
[    0.313463] VFS: Dquot-cache hash table entries: 512 (order 0, 4096 bytes)
[    0.313875] AppArmor: AppArmor Filesystem Enabled
[    0.313902] pnp: PnP ACPI init
[    0.314198] pnp: PnP ACPI: found 2 devices
[    0.320315] clocksource: acpi_pm: mask: 0xffffff max_cycles: 0xffffff, max_idle_ns: 2085701024 ns
[    0.320356] NET: Registered PF_INET protocol family
[    0.320722] IP idents hash table entries: 262144 (order: 9, 2097152 bytes, linear)
[    0.322213] tcp_listen_portaddr_hash hash table entries: 8192 (order: 5, 131072 bytes, linear)
[    0.322233] Table-perturb hash table entries: 65536 (order: 6, 262144 bytes, linear)
[    0.322630] TCP established hash table entries: 131072 (order: 8, 1048576 bytes, linear)
[    0.323019] TCP bind hash table entries: 65536 (order: 9, 2097152 bytes, linear)
[    0.323095] TCP: Hash tables configured (established 131072 bind 65536)
[    0.323164] MPTCP token hash table entries: 16384 (order: 7, 393216 bytes, linear)
[    0.323208] UDP hash table entries: 8192 (order: 7, 524288 bytes, linear)
[    0.323285] NET: Registered PF_UNIX/PF_LOCAL protocol family
[    0.323291] NET: Registered PF_XDP protocol family
[    0.323298] pci_bus 0000:00: resource 4 [io  0x0000-0x0cf7 window]
[    0.323299] pci_bus 0000:00: resource 5 [io  0x0d00-0xffff window]
[    0.323300] pci_bus 0000:00: resource 6 [mem 0x000a0000-0x000bffff window]
[    0.323301] pci_bus 0000:00: resource 7 [mem 0xe0000000-0xfdffffff window]
[    0.323319] pci 0000:00:00.0: Limiting direct PCI/PCI transfers
[    0.324297] PCI: CLS 0 bytes, default 64
[    0.324303] PCI-DMA: Using software bounce buffering for IO (SWIOTLB)
[    0.324304] software IO TLB: mapped [mem 0x00000000dbff0000-0x00000000dfff0000] (64MB)
[    0.324323] clocksource: tsc: mask: 0xffffffffffffffff max_cycles: 0x1ed31a3d72f, max_idle_ns: 440795218050 ns
[    0.324337] platform rtc_cmos: registered fallback platform RTC device
[    0.324410] Unpacking initramfs...
[    0.482311] Initialise system trusted keyrings
[    0.482324] Key type blacklist registered
[    0.483107] workingset: timestamp_bits=36 (anon: 32) max_order=22 bucket_order=0 (anon: 0)
[    0.484143] integrity: Platform Keyring initialized
[    0.484153] Key type asymmetric registered
[    0.484155] Asymmetric key parser 'x509' registered
[    0.484172] Block layer SCSI generic (bsg) driver version 0.4 loaded (major 246)
[    0.484236] io scheduler mq-deadline registered
[    0.490339] Freeing initrd memory: 58228K
[    0.490566] ledtrig-cpu: registered to indicate activity on CPUs
[    0.492213] Serial: 8250/16550 driver, 4 ports, IRQ sharing enabled
[    0.494047] i8042: PNP: PS/2 Controller [PNP0303:PS2K,PNP0f03:PS2M] at 0x60,0x64 irq 1,12
[    0.494448] serio: i8042 KBD port at 0x60,0x64 irq 1
[    0.494451] serio: i8042 AUX port at 0x60,0x64 irq 12
[    0.494514] mousedev: PS/2 mouse device common for all mice
[    0.494678] rtc_cmos rtc_cmos: registered as rtc0
[    0.494701] rtc_cmos rtc_cmos: setting system clock to 2026-06-12T12:52:59 UTC (1781268779)
[    0.494739] rtc_cmos rtc_cmos: alarms up to one day, 114 bytes nvram
[    0.494745] intel_pstate: CPU model not supported
[    0.495097] NET: Registered PF_INET6 protocol family
[    0.495421] Segment Routing with IPv6
[    0.495425] In-situ OAM (IOAM) with IPv6
[    0.495440] mip6: Mobile IPv6
[    0.495442] NET: Registered PF_PACKET protocol family
[    0.495474] mpls_gso: MPLS GSO support
[    0.495570] input: AT Translated Set 2 keyboard as /devices/platform/i8042/serio0/input/input0
[    0.496365] IPI shorthand broadcast: enabled
[    0.496915] sched_clock: Marking stable (489126725, 7204748)->(499320091, -2988618)
[    0.497321] registered taskstats version 1
[    0.497619] Loading compiled-in X.509 certificates
[    0.497904] Loaded X.509 cert 'Build time autogenerated kernel key: 4f1f7734b294712504fa087eceacb0d7c55e48ea'
[    0.498760] Demotion targets for Node 0: null
[    0.499514] Key type .fscrypt registered
[    0.499515] Key type fscrypt-provisioning registered
[    0.509144] Key type encrypted registered
[    0.509148] AppArmor: AppArmor sha256 policy hashing enabled
[    0.509150] ima: No TPM chip found, activating TPM-bypass!
[    0.509153] ima: Allocated hash algorithm: sha256
[    0.509160] ima: No architecture policies found
[    0.509170] evm: Initialising EVM extended attributes:
[    0.509170] evm: security.selinux
[    0.509171] evm: security.SMACK64 (disabled)
[    0.509171] evm: security.SMACK64EXEC (disabled)
[    0.509172] evm: security.SMACK64TRANSMUTE (disabled)
[    0.509172] evm: security.SMACK64MMAP (disabled)
[    0.509172] evm: security.apparmor
[    0.509173] evm: security.ima
[    0.509173] evm: security.capability
[    0.509173] evm: HMAC attrs: 0x1
[    0.509240] clk: Disabling unused clocks
[    0.510509] Freeing unused decrypted memory: 2036K
[    0.511299] Freeing unused kernel image (initmem) memory: 4320K
[    0.511315] Write protecting the kernel read-only data: 24576k
[    0.511999] Freeing unused kernel image (text/rodata gap) memory: 1072K
[    0.512492] Freeing unused kernel image (rodata/data gap) memory: 1588K
[    0.543042] x86/mm: Checked W+X mappings: passed, no W+X pages found.
[    0.543046] Run /init as init process
[    0.543047]   with arguments:
[    0.543047]     /init
[    0.543048]   with environment:
[    0.543048]     HOME=/
[    0.543049]     TERM=linux
[    0.587715] e1000: Intel(R) PRO/1000 Network Driver
[    0.587721] e1000: Copyright (c) 1999-2006 Intel Corporation.
[    0.587782] piix4_smbus 0000:00:07.0: SMBus Host Controller at 0x4100, revision 0
[    0.594308] SCSI subsystem initialized
[    0.597797] input: ImExPS/2 Generic Explorer Mouse as /devices/platform/i8042/serio1/input/input2
[    0.599690] ACPI: bus type USB registered
[    0.599712] usbcore: registered new interface driver usbfs
[    0.599724] usbcore: registered new interface driver hub
[    0.599732] usbcore: registered new device driver usb
[    0.606505] libata version 3.00 loaded.
[    0.618280] ACPI: bus type drm_connector registered
[    0.619486] ehci-pci 0000:00:0b.0: EHCI Host Controller
[    0.619496] ehci-pci 0000:00:0b.0: new USB bus registered, assigned bus number 1
[    0.619645] ehci-pci 0000:00:0b.0: irq 19, io mem 0xf0805000
[    0.620795] ahci 0000:00:0d.0: SSS flag set, parallel bus scan disabled
[    0.621027] ahci 0000:00:0d.0: AHCI vers 0001.0100, 32 command slots, 3 Gbps, SATA mode
[    0.621029] ahci 0000:00:0d.0: 1/1 ports implemented (port mask 0x1)
[    0.621030] ahci 0000:00:0d.0: flags: 64bit ncq stag only ccc 
[    0.621242] scsi host0: ata_piix
[    0.621568] scsi host1: ata_piix
[    0.621585] ata1: PATA max UDMA/33 cmd 0x1f0 ctl 0x3f6 bmdma 0xd000 irq 14 lpm-pol 0
[    0.621586] ata2: PATA max UDMA/33 cmd 0x170 ctl 0x376 bmdma 0xd008 irq 15 lpm-pol 0
[    0.621808] scsi host2: ahci
[    0.621843] ata3: SATA max UDMA/133 abar m8192@0xf0806000 port 0xf0806100 irq 21 lpm-pol 1
[    0.631278] ehci-pci 0000:00:0b.0: USB 2.0 started, EHCI 1.00
[    0.631338] usb usb1: New USB device found, idVendor=1d6b, idProduct=0002, bcdDevice= 7.01
[    0.631341] usb usb1: New USB device strings: Mfr=3, Product=2, SerialNumber=1
[    0.631342] usb usb1: Product: EHCI Host Controller
[    0.631343] usb usb1: Manufacturer: Linux 7.1.0-rc7-milin-g2b414a95b8f7 ehci_hcd
[    0.631344] usb usb1: SerialNumber: 0000:00:0b.0
[    0.641037] hub 1-0:1.0: USB hub found
[    0.641049] hub 1-0:1.0: 12 ports detected
[    1.050308] ata1.00: ATAPI: VBOX CD-ROM, 1.0, max UDMA/133
[    1.060565] scsi 0:0:0:0: CD-ROM            VBOX     CD-ROM           1.0  PQ: 0 ANSI: 5
[    1.070382] e1000 0000:00:03.0 eth0: (PCI:33MHz:32-bit) 08:00:27:3c:fb:39
[    1.070388] e1000 0000:00:03.0 eth0: Intel(R) PRO/1000 Network Connection
[    1.118514] clocksource: Switched to clocksource tsc
[    2.027009] ata3: SATA link up 3.0 Gbps (SStatus 123 SControl 300)
[    2.027268] ata3.00: ATA-6: VBOX HARDDISK, 1.0, max UDMA/133
[    2.027270] ata3.00: 104857600 sectors, multi 128: LBA48 NCQ (depth 32)
[    2.027693] ata3.00: configured for UDMA/133
[    2.027941] scsi 2:0:0:0: Direct-Access     ATA      VBOX HARDDISK    1.0  PQ: 0 ANSI: 5
[    2.029599] e1000 0000:00:03.0 enp0s3: renamed from eth0
[    2.030736] ohci-pci 0000:00:06.0: OHCI PCI host controller
[    2.030740] ohci-pci 0000:00:06.0: new USB bus registered, assigned bus number 2
[    2.030790] ohci-pci 0000:00:06.0: irq 22, io mem 0xf0804000
[    2.032625] sd 2:0:0:0: [sda] 104857600 512-byte logical blocks: (53.7 GB/50.0 GiB)
[    2.032630] sd 2:0:0:0: [sda] Write Protect is off
[    2.032630] sd 2:0:0:0: [sda] Mode Sense: 00 3a 00 00
[    2.032635] sd 2:0:0:0: [sda] Write cache: enabled, read cache: enabled, doesn't support DPO or FUA
[    2.032650] sd 2:0:0:0: [sda] Preferred minimum I/O size 512 bytes
[    2.594983] usb usb2: New USB device found, idVendor=1d6b, idProduct=0001, bcdDevice= 7.01
[    2.594987] usb usb2: New USB device strings: Mfr=3, Product=2, SerialNumber=1
[    2.594988] usb usb2: Product: OHCI PCI host controller
[    2.594988] usb usb2: Manufacturer: Linux 7.1.0-rc7-milin-g2b414a95b8f7 ohci_hcd
[    2.594989] usb usb2: SerialNumber: 0000:00:06.0
[    2.595295] hub 2-0:1.0: USB hub found
[    2.595307] hub 2-0:1.0: 12 ports detected
[    2.992809]  sda: sda1 sda2 sda3
[    2.993002] sd 2:0:0:0: [sda] Attached SCSI disk
[    3.014594] vmwgfx 0000:00:02.0: vgaarb: deactivate vga console
[    3.015796] Console: switching to colour dummy device 80x25
[    3.016056] vmwgfx 0000:00:02.0: [drm] FIFO at 0x00000000f0000000 size is 2048 KiB
[    3.016163] vmwgfx 0000:00:02.0: [drm] VRAM at 0x00000000e0000000 size is 262144 KiB
[    3.016169] vmwgfx 0000:00:02.0: [drm] Running on SVGA version 2.
[    3.016172] vmwgfx 0000:00:02.0: [drm] Capabilities: rect copy, cursor, cursor bypass, cursor bypass 2, alpha cursor, 3D, extended fifo, pitchlock, irq mask, gmr, traces, gmr2, screen object 2, command buffers, command buffers 2, gbobject, dx, cap2 register, 
[    3.016176] vmwgfx 0000:00:02.0: [drm] Capabilities2: grow otable, intra surface copy, dx2, gb memsize 2, otable ptdepth2, cursor mob, dx3, 
[    3.016176] vmwgfx 0000:00:02.0: [drm] *ERROR* vmwgfx seems to be running on an unsupported hypervisor.
[    3.016179] vmwgfx 0000:00:02.0: [drm] *ERROR* This configuration is likely broken.
[    3.016181] vmwgfx 0000:00:02.0: [drm] *ERROR* Please switch to a supported graphics device to avoid problems.
[    3.016182] vmwgfx 0000:00:02.0: [drm] DMA map mode: Caching DMA mappings.
[    3.016221] vmwgfx 0000:00:02.0: [drm] Legacy memory limits: VRAM = 228352 KiB, FIFO = 2048 KiB, surface = 295936 KiB
[    3.016222] vmwgfx 0000:00:02.0: [drm] MOB limits: max mob size = 131072 KiB, max mob pages = 262144
[    3.016223] vmwgfx 0000:00:02.0: [drm] Max GMR ids is 8192
[    3.016224] vmwgfx 0000:00:02.0: [drm] Max number of GMR pages is 1048576
[    3.016225] vmwgfx 0000:00:02.0: [drm] Maximum display memory size is 228352 KiB
[    3.017387] vmwgfx 0000:00:02.0: [drm] Screen Target display unit initialized
[    3.017807] vmwgfx 0000:00:02.0: [drm] Fifo max 0x00200000 min 0x00001000 cap 0x00000355
[    3.018283] vmwgfx 0000:00:02.0: [drm] Using command buffers with DMA pool.
[    3.018286] vmwgfx 0000:00:02.0: [drm] Available shader model: SM_5.
[    3.027246] [drm] Initialized vmwgfx 2.21.0 for 0000:00:02.0 on minor 0
[    3.028268] fbcon: vmwgfxdrmfb (fb0) is primary device
[    3.028814] Console: switching to colour frame buffer device 160x50
[    3.029285] vmwgfx 0000:00:02.0: [drm] fb0: vmwgfxdrmfb frame buffer device
[    3.047777] sr 0:0:0:0: [sr0] scsi3-mmc drive: 32x/32x xa/form2 tray
[    3.047987] cdrom: Uniform CD-ROM driver Revision: 3.20
[    3.431427] sr 0:0:0:0: Attached scsi CD-ROM sr0
[    3.435322] usb 2-1: new full-speed USB device number 2 using ohci-pci
[    4.244528] usb 2-1: New USB device found, idVendor=80ee, idProduct=0021, bcdDevice= 1.00
[    4.244538] usb 2-1: New USB device strings: Mfr=1, Product=3, SerialNumber=0
[    4.244539] usb 2-1: Product: USB Tablet
[    4.244540] usb 2-1: Manufacturer: VirtualBox
[    4.252646] hid: raw HID events driver (C) Jiri Kosina
[    4.263139] usbcore: registered new interface driver usbhid
[    4.263140] usbhid: USB HID core driver
[    4.264512] input: VirtualBox USB Tablet as /devices/pci0000:00/0000:00:06.0/usb2/2-1/2-1:1.0/0003:80EE:0021.0001/input/input3
[    4.264573] hid-generic 0003:80EE:0021.0001: input,hidraw0: USB HID v1.10 Mouse [VirtualBox USB Tablet] on usb-0000:00:06.0-1/input0
[    5.004715] PM: Image not found (code -22)
[    5.177922] EXT4-fs (sda3): mounted filesystem fc1c74e0-3248-44fd-b84f-4a7abe9e6ee0 ro with ordered data mode. Quota mode: none.
[    5.217277] Not activating Mandatory Access Control as /sbin/tomoyo-init does not exist.
[    5.321046] systemd[1]: Inserted module 'autofs4'
[    5.332589] systemd[1]: systemd 252.39-1~deb12u2 running in system mode (+PAM +AUDIT +SELINUX +APPARMOR +IMA +SMACK +SECCOMP +GCRYPT -GNUTLS +OPENSSL +ACL +BLKID +CURL +ELFUTILS +FIDO2 +IDN2 -IDN +IPTC +KMOD +LIBCRYPTSETUP +LIBFDISK +PCRE2 -PWQUALITY +P11KIT +QRENCODE +TPM2 +BZIP2 +LZ4 +XZ +ZLIB +ZSTD -BPF_FRAMEWORK -XKBCOMMON +UTMP +SYSVINIT default-hierarchy=unified)
[    5.332592] systemd[1]: Detected virtualization oracle.
[    5.332594] systemd[1]: Detected architecture x86-64.
[    5.335311] systemd[1]: Hostname set to <milin>.
[    5.510993] systemd[1]: Queued start job for default target graphical.target.
[    5.527941] systemd[1]: Created slice system-getty.slice - Slice /system/getty.
[    5.528079] systemd[1]: Created slice system-modprobe.slice - Slice /system/modprobe.
[    5.528176] systemd[1]: Created slice system-systemd\x2dfsck.slice - Slice /system/systemd-fsck.
[    5.528249] systemd[1]: Created slice user.slice - User and Session Slice.
[    5.528270] systemd[1]: Started systemd-ask-password-wall.path - Forward Password Requests to Wall Directory Watch.
[    5.528346] systemd[1]: Set up automount proc-sys-fs-binfmt_misc.automount - Arbitrary Executable File Formats File System Automount Point.
[    5.528366] systemd[1]: Expecting device dev-disk-by\x2duuid-20c2df4f\x2d3439\x2d4c06\x2daa02\x2d7d58395228e2.device - /dev/disk/by-uuid/20c2df4f-3439-4c06-aa02-7d58395228e2...
[    5.528369] systemd[1]: Expecting device dev-disk-by\x2duuid-b44dff6a\x2d7b4b\x2d44ed\x2d8a58\x2d37e3d4c692bf.device - /dev/disk/by-uuid/b44dff6a-7b4b-44ed-8a58-37e3d4c692bf...
[    5.528378] systemd[1]: Reached target integritysetup.target - Local Integrity Protected Volumes.
[    5.528389] systemd[1]: Reached target nss-user-lookup.target - User and Group Name Lookups.
[    5.528394] systemd[1]: Reached target remote-fs.target - Remote File Systems.
[    5.528401] systemd[1]: Reached target slices.target - Slice Units.
[    5.528412] systemd[1]: Reached target veritysetup.target - Local Verity Protected Volumes.
[    5.528459] systemd[1]: Listening on systemd-fsckd.socket - fsck to fsckd communication Socket.
[    5.528481] systemd[1]: Listening on systemd-initctl.socket - initctl Compatibility Named Pipe.
[    5.528805] systemd[1]: Listening on systemd-journald-audit.socket - Journal Audit Socket.
[    5.528845] systemd[1]: Listening on systemd-journald-dev-log.socket - Journal Socket (/dev/log).
[    5.528882] systemd[1]: Listening on systemd-journald.socket - Journal Socket.
[    5.529429] systemd[1]: Listening on systemd-udevd-control.socket - udev Control Socket.
[    5.529467] systemd[1]: Listening on systemd-udevd-kernel.socket - udev Kernel Socket.
[    5.529926] systemd[1]: Mounting dev-hugepages.mount - Huge Pages File System...
[    5.530353] systemd[1]: Mounting dev-mqueue.mount - POSIX Message Queue File System...
[    5.530808] systemd[1]: Mounting sys-kernel-debug.mount - Kernel Debug File System...
[    5.531196] systemd[1]: Mounting sys-kernel-tracing.mount - Kernel Trace File System...
[    5.531766] systemd[1]: Starting keyboard-setup.service - Set the console keyboard layout...
[    5.532195] systemd[1]: Starting kmod-static-nodes.service - Create List of Static Device Nodes...
[    5.533003] systemd[1]: Starting modprobe@configfs.service - Load Kernel Module configfs...
[    5.533438] systemd[1]: Starting modprobe@dm_mod.service - Load Kernel Module dm_mod...
[    5.533841] systemd[1]: Starting modprobe@drm.service - Load Kernel Module drm...
[    5.534274] systemd[1]: Starting modprobe@efi_pstore.service - Load Kernel Module efi_pstore...
[    5.534755] systemd[1]: Starting modprobe@fuse.service - Load Kernel Module fuse...
[    5.535133] systemd[1]: Starting modprobe@loop.service - Load Kernel Module loop...
[    5.535199] systemd[1]: systemd-fsck-root.service - File System Check on Root Device was skipped because of an unmet condition check (ConditionPathExists=!/run/initramfs/fsck-root).
[    5.537226] systemd[1]: Starting systemd-journald.service - Journal Service...
[    5.542901] systemd[1]: Starting systemd-modules-load.service - Load Kernel Modules...
[    5.543628] systemd[1]: Starting systemd-remount-fs.service - Remount Root and Kernel File Systems...
[    5.544083] systemd[1]: Starting systemd-udev-trigger.service - Coldplug All udev Devices...
[    5.544846] systemd[1]: Finished kmod-static-nodes.service - Create List of Static Device Nodes.
[    5.545060] systemd[1]: modprobe@configfs.service: Deactivated successfully.
[    5.545161] systemd[1]: Finished modprobe@configfs.service - Load Kernel Module configfs.
[    5.545272] systemd[1]: modprobe@drm.service: Deactivated successfully.
[    5.545342] systemd[1]: Finished modprobe@drm.service - Load Kernel Module drm.
[    5.545789] systemd[1]: Mounting sys-kernel-config.mount - Kernel Configuration File System...
[    5.549978] systemd[1]: Mounted dev-hugepages.mount - Huge Pages File System.
[    5.550088] systemd[1]: Mounted dev-mqueue.mount - POSIX Message Queue File System.
[    5.550165] systemd[1]: Mounted sys-kernel-debug.mount - Kernel Debug File System.
[    5.550244] systemd[1]: Mounted sys-kernel-tracing.mount - Kernel Trace File System.
[    5.550326] systemd[1]: Mounted sys-kernel-config.mount - Kernel Configuration File System.
[    5.561652] loop: module loaded
[    5.562071] systemd[1]: modprobe@loop.service: Deactivated successfully.
[    5.562160] systemd[1]: Finished modprobe@loop.service - Load Kernel Module loop.
[    5.586513] systemd[1]: modprobe@efi_pstore.service: Deactivated successfully.
[    5.586635] systemd[1]: Finished modprobe@efi_pstore.service - Load Kernel Module efi_pstore.
[    5.591816] device-mapper: core: CONFIG_IMA_DISABLE_HTABLE is disabled. Duplicate IMA measurements will not be recorded in the IMA log.
[    5.591844] device-mapper: uevent: version 1.0.3
[    5.591970] device-mapper: ioctl: 4.50.0-ioctl (2025-04-28) initialised: dm-devel@lists.linux.dev
[    5.593571] fuse: init (API version 7.45)
[    5.594420] systemd[1]: modprobe@dm_mod.service: Deactivated successfully.
[    5.594522] systemd[1]: Finished modprobe@dm_mod.service - Load Kernel Module dm_mod.
[    5.594605] systemd[1]: systemd-repart.service - Repartition Root Disk was skipped because no trigger condition checks were met.
[    5.594914] EXT4-fs (sda3): re-mounted fc1c74e0-3248-44fd-b84f-4a7abe9e6ee0 r/w.
[    5.595808] systemd[1]: Finished systemd-remount-fs.service - Remount Root and Kernel File Systems.
[    5.596000] systemd[1]: systemd-firstboot.service - First Boot Wizard was skipped because of an unmet condition check (ConditionFirstBoot=yes).
[    5.596027] systemd[1]: systemd-pstore.service - Platform Persistent Storage Archival was skipped because of an unmet condition check (ConditionDirectoryNotEmpty=/sys/fs/pstore).
[    5.602296] lp: driver loaded but no devices found
[    5.607141] ppdev: user-space parallel port driver
[    5.619451] systemd[1]: Starting systemd-random-seed.service - Load/Save Random Seed...
[    5.620054] systemd[1]: Starting systemd-sysusers.service - Create System Users...
[    5.620244] systemd[1]: Started systemd-journald.service - Journal Service.
[    5.628369] systemd-journald[354]: Received client request to flush runtime journal.
[    6.071001] ACPI: AC: AC Adapter [AC] (on-line)
[    6.080711] input: Power Button as /devices/platform/LNXPWRBN:00/input/input4
[    6.080758] ACPI: button: Power Button [PWRF]
[    6.080790] input: Sleep Button as /devices/platform/LNXSLPBN:00/input/input5
[    6.080815] ACPI: button: Sleep Button [SLPF]
[    6.081549] sr 0:0:0:0: Attached scsi generic sg0 type 5
[    6.082254] sd 2:0:0:0: Attached scsi generic sg1 type 0
[    6.087501] vboxguest: host-version: 7.2.8r173730 0x8000000f
[    6.087829] vbg_heartbeat_init: Setting up heartbeat to trigger every 2000 milliseconds
[    6.088036] RAPL PMU: API unit is 2^-32 Joules, 0 fixed counters, 10737418240 ms ovfl timer
[    6.088320] input: VirtualBox mouse integration as /devices/pci0000:00/0000:00:04.0/input/input7
[    6.089916] ACPI: video: Video Device [GFX0] (multi-head: yes  rom: no  post: no)
[    6.090571] input: PC Speaker as /devices/platform/pcspkr/input/input6
[    6.107775] input: Video Bus as /devices/pci0000:00/acpi.video_bus.0/input/input8
[    6.153878] intel_rapl_msr: PL4 support detected (updated).
[    6.174598] Adding 3906556k swap on /dev/sda2.  Priority:-1 extents:1 across:3906556k 
[    6.937894] snd_intel8x0 0000:00:05.0: allow list rate for 1028:0177 is 48000
[    6.959779] EXT4-fs (sda1): mounted filesystem b44dff6a-7b4b-44ed-8a58-37e3d4c692bf r/w with ordered data mode. Quota mode: none.
[    7.090513] audit: type=1400 audit(1781268786.091:2): apparmor="STATUS" operation="profile_load" profile="unconfined" name="libreoffice-xpdfimport" pid=557 comm="apparmor_parser"
[    7.090590] audit: type=1400 audit(1781268786.091:3): apparmor="STATUS" operation="profile_load" profile="unconfined" name="libreoffice-senddoc" pid=555 comm="apparmor_parser"
[    7.106644] audit: type=1400 audit(1781268786.107:4): apparmor="STATUS" operation="profile_load" profile="unconfined" name="nvidia_modprobe" pid=550 comm="apparmor_parser"
[    7.106653] audit: type=1400 audit(1781268786.107:5): apparmor="STATUS" operation="profile_load" profile="unconfined" name="nvidia_modprobe//kmod" pid=550 comm="apparmor_parser"
[    7.108188] audit: type=1400 audit(1781268786.111:6): apparmor="STATUS" operation="profile_load" profile="unconfined" name="libreoffice-oosplash" pid=554 comm="apparmor_parser"
[    7.116066] audit: type=1400 audit(1781268786.119:7): apparmor="STATUS" operation="profile_load" profile="unconfined" name="lsb_release" pid=549 comm="apparmor_parser"
[    7.121502] audit: type=1400 audit(1781268786.123:8): apparmor="STATUS" operation="profile_load" profile="unconfined" name="/usr/bin/man" pid=553 comm="apparmor_parser"
[    7.121640] audit: type=1400 audit(1781268786.123:9): apparmor="STATUS" operation="profile_load" profile="unconfined" name="man_filter" pid=553 comm="apparmor_parser"
[    7.121872] audit: type=1400 audit(1781268786.123:10): apparmor="STATUS" operation="profile_load" profile="unconfined" name="man_groff" pid=553 comm="apparmor_parser"
[    7.124798] audit: type=1400 audit(1781268786.127:11): apparmor="STATUS" operation="profile_load" profile="unconfined" name="/usr/sbin/cups-browsed" pid=558 comm="apparmor_parser"
[   10.228001] NET: Registered PF_QIPCRTR protocol family
[   10.459472] e1000: enp0s3 NIC Link is Up 1000 Mbps Full Duplex, Flow Control: RX
[   11.870701] [drm:vmw_msg_ioctl [vmwgfx]] *ERROR* Failed to open channel.
[   11.870728] [drm:vmw_msg_ioctl [vmwgfx]] *ERROR* Failed to open channel.
[   12.086079] [drm:vmw_msg_ioctl [vmwgfx]] *ERROR* Failed to open channel.
[   12.086112] [drm:vmw_msg_ioctl [vmwgfx]] *ERROR* Failed to open channel.
[   12.666512] rfkill: input handler disabled
[   12.699610] [drm:vmw_msg_ioctl [vmwgfx]] *ERROR* Failed to open channel.
[   12.699638] [drm:vmw_msg_ioctl [vmwgfx]] *ERROR* Failed to open channel.
[   12.963842] [drm:vmw_msg_ioctl [vmwgfx]] *ERROR* Failed to open channel.
[   12.963868] [drm:vmw_msg_ioctl [vmwgfx]] *ERROR* Failed to open channel.
[   14.083812] clocksource: Watchdog remote CPU 3 read timed out
[   15.833041] clocksource: Marking clocksource tsc unstable due to frequency skew
[   15.833050] clocksource: Watchdog               kvm-clock interval:             9214ns
[   15.833051] clocksource: Clocksource                  tsc interval:             9092ns
[   15.833051] tsc: Marking TSC unstable due to clocksource watchdog
[   15.833998] clocksource: Switched to clocksource kvm-clock
[   20.500789] rfkill: input handler enabled
[   20.666249] [drm:vmw_msg_ioctl [vmwgfx]] *ERROR* Failed to open channel.
[   20.666273] [drm:vmw_msg_ioctl [vmwgfx]] *ERROR* Failed to open channel.
[   21.713781] rfkill: input handler disabled
[   25.339560] [drm:vmw_msg_ioctl [vmwgfx]] *ERROR* Failed to open channel.
[   25.339600] [drm:vmw_msg_ioctl [vmwgfx]] *ERROR* Failed to open channel.
[   37.912629] [drm:vmw_msg_ioctl [vmwgfx]] *ERROR* Failed to open channel.
[   37.912676] [drm:vmw_msg_ioctl [vmwgfx]] *ERROR* Failed to open channel.
[   58.624338] show_signal_msg: 15 callbacks suppressed
[   58.624341] gnome-control-c[2671]: segfault at 18 ip 00007f3d5c452288 sp 00007ffee5447e10 error 4 in libgtk-4.so.1.800.3[252288,7f3d5c2a7000+42e000] likely on CPU 6 (core 6, socket 0)
[   58.624363] Code: e7 48 89 c6 48 89 44 24 18 e8 64 65 e5 ff 48 89 c7 e8 cc e9 f0 ff 48 89 04 24 41 f6 44 24 30 01 0f 84 14 02 00 00 48 8b 04 24 <48> 8b 40 18 f6 00 08 0f 85 3b 01 00 00 f6 40 02 08 0f 84 31 01 00
[   62.348244] [drm:vmw_msg_ioctl [vmwgfx]] *ERROR* Failed to open channel.
[   62.348287] [drm:vmw_msg_ioctl [vmwgfx]] *ERROR* Failed to open channel.
